// Vitest Snapshot v1

exports[`metrics datagen step > processes successfully 1`] = `
[
  [
    "public/data/metric/blockgroup/mCC45.json",
    "{\\"map\\":{\\"370630020211\\":{\\"y_2020\\":0,\\"y_2021\\":0,\\"y_2022\\":0},\\"370630023001\\":{\\"y_2020\\":null,\\"y_2021\\":null,\\"y_2022\\":null}},\\"w\\":{\\"370630020211\\":{\\"y_2020\\":2,\\"y_2021\\":2,\\"y_2022\\":2},\\"370630023001\\":{\\"y_2020\\":0,\\"y_2021\\":0,\\"y_2022\\":0}}}",
  ],
  [
    "public/data/metric/tract/mMEDAGE.json",
    "{\\"a\\":{\\"37063000101\\":{\\"y_2016\\":3.8,\\"y_2017\\":4.9,\\"y_2018\\":4.1,\\"y_2019\\":5.4},\\"37063000102\\":{\\"y_2016\\":3.2,\\"y_2017\\":3.3,\\"y_2018\\":2.8,\\"y_2019\\":3.7},\\"37063000200\\":{\\"y_2016\\":2.8,\\"y_2017\\":2.1,\\"y_2018\\":2,\\"y_2019\\":1.6}},\\"map\\":{\\"37063000101\\":{\\"y_2016\\":34.6,\\"y_2017\\":35,\\"y_2018\\":33,\\"y_2019\\":37},\\"37063000102\\":{\\"y_2016\\":33.4,\\"y_2017\\":33,\\"y_2018\\":35.8,\\"y_2019\\":35.4},\\"37063000200\\":{\\"y_2016\\":32.9,\\"y_2017\\":33.9,\\"y_2018\\":34.5,\\"y_2019\\":35}}}",
  ],
]
`;
